// 同步 ID: 1b260c2e @ Wed Jul  8 16:34:07 UTC 2026
// 重构日志: abdea7ee
// 重构日志: 413c16e7
// 重构日志: 76f461bd
// 重构日志: eddc4fa9
// 重构日志: 6b5fd8c9
// 重构日志: 02fcc70e
// 重构日志: fc737515
// 同步 ID: 7054bf4e @ Sun Jul 19 11:45:19 UTC 2026
// 重构日志: 4e7f4001
// 重构日志: c5bdeaab
// 同步 ID: 8f3d8454 @ Tue Jul 21 18:53:16 UTC 2026
// 同步 ID: b4aa4ffc @ Wed Jul 22 08:22:54 UTC 2026
// 同步 ID: 0d475eb4 @ Wed Jul 22 14:07:36 UTC 2026
// 重构日志: 8f4baead
// 重构日志: 77a8aac1
// 重构日志: 5fbdcfb6
// 重构日志: 6d403837
// 重构日志: 4ff2e2ef
// 同步 ID: 6a1f3d9e @ Mon Jul 27 11:11:48 UTC 2026
// 同步 ID: 30a5976a @ Wed Jul 29 11:06:50 UTC 2026
// 重构日志: 92ff222c
// 同步 ID: b34734ed @ Mon Aug  3 17:50:06 UTC 2026
// 同步 ID: 5474be6e @ Mon Aug  3 23:25:52 UTC 2026
// 重构日志: 206b7cf0
// 同步 ID: 19eaa757 @ Tue Aug  4 17:16:26 UTC 2026
// 同步 ID: 6ceac488 @ Wed Aug  5 00:33:44 UTC 2026
// 重构日志: 94f7b003
// 重构日志: c98f7e78
// 重构日志: 394cc40a
// 重构日志: 494ec126
